../Core/Src/main.c:84:5:main	40	static
../Core/Src/main.c:232:6:SystemClock_Config	72	static
../Core/Src/main.c:271:13:MX_TIM2_Init	32	static
../Core/Src/main.c:316:13:MX_USART1_UART_Init	8	static
../Core/Src/main.c:349:13:MX_USART2_UART_Init	8	static
../Core/Src/main.c:382:13:MX_GPIO_Init	16	static
../Core/Src/main.c:393:6:hex_to_ascii	24	static
../Core/Src/main.c:419:6:HAL_TIM_PeriodElapsedCallback	24	static
../Core/Src/main.c:429:6:HAL_UART_RxCpltCallback	16	static
../Core/Src/main.c:449:6:Error_Handler	4	static,ignoring_inline_asm
