../Core/Src/main.c:139:5:main	16	static
../Core/Src/main.c:224:6:SystemClock_Config	88	static
../Core/Src/main.c:267:13:MX_RTC_Init	8	static
../Core/Src/main.c:330:13:MX_USART1_UART_Init	8	static
../Core/Src/main.c:363:13:MX_USART3_UART_Init	8	static
../Core/Src/main.c:396:13:MX_GPIO_Init	48	static
../Core/Src/main.c:419:6:RTC_InitWithPC	8	static
../Core/Src/main.c:434:6:RTC_ConfigOnPOR	8	static
../Core/Src/main.c:452:13:RTC_Config	16	static
../Core/Src/main.c:470:6:Report500msForPC	32	static
../Core/Src/main.c:535:6:HAL_UART_RxCpltCallback	16	static
../Core/Src/main.c:541:9:Ra_Con	32	static
../Core/Src/main.c:562:15:hextoint	32	static
../Core/Src/main.c:583:6:Channel0Func	24	static
../Core/Src/main.c:620:6:Channel1Func	4	static
../Core/Src/main.c:625:6:Channel2Func	4	static
../Core/Src/main.c:630:6:Channel3Func	4	static
../Core/Src/main.c:635:6:Channel4Func	4	static
../Core/Src/main.c:640:6:Channel5Func	4	static
../Core/Src/main.c:652:6:Error_Handler	4	static,ignoring_inline_asm
