../Core/Src/main.c:90:5:main	8	static
../Core/Src/main.c:142:6:SystemClock_Config	88	static
../Core/Src/main.c:184:13:MX_USART1_UART_Init	8	static
../Core/Src/main.c:215:13:MX_DMA_Init	16	static
../Core/Src/main.c:236:13:MX_GPIO_Init	40	static
../Core/Src/main.c:278:6:HAL_UART_RxCpltCallback	24	static
../Core/Src/main.c:292:6:QueueClear	8	static
../Core/Src/main.c:300:5:QueueGetSize	4	static
../Core/Src/main.c:306:6:QueuePutByte	16	static
../Core/Src/main.c:317:6:QueueGetByte	16	static
../Core/Src/main.c:328:6:QueueDisplayFun	32	static
../Core/Src/main.c:349:6:Error_Handler	4	static,ignoring_inline_asm
