../Core/Src/main.c:74:5:main	8	static
../Core/Src/main.c:125:6:SystemClock_Config	88	static
../Core/Src/main.c:168:13:MX_RTC_Init	72	static
../Core/Src/main.c:252:13:MX_TIM4_Init	32	static
../Core/Src/main.c:297:13:MX_USART1_UART_Init	8	static
../Core/Src/main.c:330:13:MX_GPIO_Init	40	static
../Core/Src/main.c:375:7:getDayofweek	56	static
../Core/Src/main.c:382:6:RTC_AlarmConfig	48	static
../Core/Src/main.c:399:6:HAL_GPIO_EXTI_Callback	144	static
../Core/Src/main.c:423:6:HAL_RTC_AlarmAEventCallback	48	static
../Core/Src/main.c:438:6:Error_Handler	4	static,ignoring_inline_asm
