../Core/Src/main.c:83:5:main	32	static
../Core/Src/main.c:215:6:SystemClock_Config	72	static
../Core/Src/main.c:254:13:MX_TIM2_Init	32	static
../Core/Src/main.c:299:13:MX_USART1_UART_Init	8	static
../Core/Src/main.c:332:13:MX_USART2_UART_Init	8	static
../Core/Src/main.c:365:13:MX_GPIO_Init	16	static
../Core/Src/main.c:374:6:hex_to_ascii	24	static
../Core/Src/main.c:400:6:HAL_TIM_PeriodElapsedCallback	24	static
../Core/Src/main.c:410:6:HAL_UART_RxCpltCallback	16	static
../Core/Src/main.c:430:6:Error_Handler	4	static,ignoring_inline_asm
