../Core/Src/main.c:73:5:main	8	static
../Core/Src/main.c:119:6:SystemClock_Config	88	static
../Core/Src/main.c:162:13:MX_RTC_Init	32	static
../Core/Src/main.c:233:13:MX_TIM4_Init	32	static
../Core/Src/main.c:278:13:MX_USART1_UART_Init	8	static
../Core/Src/main.c:311:13:MX_GPIO_Init	40	static
../Core/Src/main.c:343:7:getDayofweek	56	static
../Core/Src/main.c:370:6:HAL_GPIO_EXTI_Callback	144	static
../Core/Src/main.c:406:6:HAL_RTCEx_TimeStampEventCallback	144	static
../Core/Src/main.c:436:6:Error_Handler	4	static,ignoring_inline_asm
